// Jest Snapshot v1, https://goo.gl/fbAQLP

exports[`matches snapshot 1`] = `
<DocumentFragment>
  <div
    class="App"
  >
    <nav
      class="Navigation navbar-expand navbar navbar-dark bg-primary"
    >
      <a
        aria-current="page"
        class="Navigation-link navbar-brand active"
        href="/"
      >
        Quizzly
      </a>
      <ul
        class="navbar-nav ml-auto"
      >
        <li
          class="nav-item"
        >
          <a
            class="Navigation-link"
            href="/quizzes"
          >
            Quizzes
          </a>
        </li>
      </ul>
    </nav>
    <div
      class="Home jumbotron"
    >
      <h1
        class="display-4"
      >
        Quizzly
      </h1>
      <p
        class="lead"
      >
        All your favorite quizzes, collected in one place!
      </p>
      <a
        class="btn btn-info"
        href="/quizzes"
      >
        Find a Quiz!
      </a>
    </div>
  </div>
</DocumentFragment>
`;
