// Jest Snapshot v1, https://goo.gl/fbAQLP

exports[`matches snapshot 1`] = `
<DocumentFragment>
  <div
    class="Home jumbotron"
  >
    <h1
      class="display-4"
    >
      Quizzly
    </h1>
    <p
      class="lead"
    >
      All your favorite quizzes, collected in one place!
    </p>
    <a
      class="btn btn-info"
      href="/quizzes"
    >
      Find a Quiz!
    </a>
  </div>
</DocumentFragment>
`;
